     1 00000000                                 ;a_nask
     2 00000000                                 ;TAB=4
     3 00000000                                 
     4 00000000                                 [FORMAT "WCOFF"]
     5 00000000                                 [INSTRSET "i486p"]
     6 00000000                                 [BITS 32]
     7 00000000                                 [FILE "a_nask.nas"]
     8 00000000                                 
     9 00000000                                 		GLOBAL 	_api_putchar
    10 00000000                                 		GLOBAL 	_api_end
    11 00000000                                 		GLOBAL 	_api_putstr
    12 00000000                                 		GLOBAL 	_api_openwin
    13 00000000                                 		GLOBAL 	_api_putstrwin
    14 00000000                                 		GLOBAL 	_api_boxfillwin
    15 00000000                                 		GLOBAL 	_api_initmalloc
    16 00000000                                 		GLOBAL 	_api_malloc
    17 00000000                                 		GLOBAL 	_api_free
    18 00000000                                 		GLOBAL 	_api_point
    19 00000000                                 		GLOBAL 	_api_refreshwin
    20 00000000                                 		GLOBAL 	_api_linewin
    21 00000000                                 		GLOBAL 	_api_closewin
    22 00000000                                 		GLOBAL 	_api_getkey
    23 00000000                                 
    24                                          [SECTION .text]
    25 00000000                                 
    26 00000000                                 _api_putchar: 								;void api_putchar(int c);
    27 00000000 BA 00000001                     		MOV 	EDX, 1
    28 00000005 8A 44 24 04                     		MOV 	AL, [ESP+4]
    29 00000009 CD 40                           		INT 	0x40
    30 0000000B C3                              		RET
    31 0000000C                                 
    32 0000000C                                 _api_end:
    33 0000000C BA 00000004                     		MOV 	EDX, 4
    34 00000011 CD 40                           		INT 	0x40
    35 00000013                                 
    36 00000013                                 _api_putstr:
    37 00000013 53                              		PUSH 	EBX
    38 00000014 BA 00000002                     		MOV 	EDX, 2
    39 00000019 8B 5C 24 08                     		MOV 	EBX, [ESP+8]
    40 0000001D CD 40                           		INT 	0x40
    41 0000001F 5B                              		POP 	EBX
    42 00000020 C3                              		RET
    43 00000021                                 
    44 00000021                                 _api_openwin: ; int api_openwin(char *buf, int xsiz, int ysiz, int col_inv, char *title)
    45 00000021 57                              		PUSH 	EDI
    46 00000022 56                              		PUSH 	ESI
    47 00000023 53                              		PUSH 	EBX
    48 00000024 BA 00000005                     		MOV 	EDX, 5
    49 00000029 8B 5C 24 10                     		MOV 	EBX, [ESP+12+4] 			; buf
    50 0000002D 8B 74 24 14                     		MOV 	ESI, [ESP+12+8] 			; xsiz
    51 00000031 8B 7C 24 18                     		MOV 	EDI, [ESP+12+12] 			; ysiz
    52 00000035 8B 44 24 1C                     		MOV 	EAX, [ESP+12+16] 			; col_inv
    53 00000039 8B 4C 24 20                     		MOV 	ECX, [ESP+12+20] 			; title
    54 0000003D CD 40                           		INT 	0x40
    55 0000003F 5B                              		POP 	EBX
    56 00000040 5E                              		POP 	ESI
    57 00000041 5F                              		POP 	EDI
    58 00000042 C3                              		RET
    59 00000043                                 
    60 00000043                                 _api_putstrwin: ; void api_putstrwin(int win, int x, int y, int col, int len, char *str)
    61 00000043 57                              		PUSH 	EDI
    62 00000044 56                              		PUSH 	ESI
    63 00000045 55                              		PUSH 	EBP
    64 00000046 53                              		PUSH 	EBX
    65 00000047 BA 00000006                     		MOV 	EDX, 6
    66 0000004C 8B 5C 24 14                     		MOV 	EBX, [ESP+16+4]
    67 00000050 8B 74 24 18                     		MOV 	ESI, [ESP+16+8]
    68 00000054 8B 7C 24 1C                     		MOV 	EDI, [ESP+16+12]
    69 00000058 8B 44 24 20                     		MOV 	EAX, [ESP+16+16]
    70 0000005C 8B 4C 24 24                     		MOV 	ECX, [ESP+16+20]
    71 00000060 8B 6C 24 28                     		MOV 	EBP, [ESP+16+24]
    72 00000064 CD 40                           		INT 	0x40
    73 00000066 5B                              		POP 	EBX
    74 00000067 5D                              		POP 	EBP
    75 00000068 5E                              		POP 	ESI
    76 00000069 5F                              		POP 	EDI
    77 0000006A C3                              		RET
    78 0000006B                                 
    79 0000006B                                 _api_boxfillwin: ; void api_boxfillwin(int win, int x0, int y0, int x1, inty1, int col)
    80 0000006B 57                              		PUSH 	EDI
    81 0000006C 56                              		PUSH 	ESI
    82 0000006D 55                              		PUSH 	EBP
    83 0000006E 53                              		PUSH 	EBX
    84 0000006F BA 00000007                     		MOV 	EDX, 7
    85 00000074 8B 5C 24 14                     		MOV 	EBX, [ESP+16+4]
    86 00000078 8B 44 24 18                     		MOV 	EAX, [ESP+16+8]
    87 0000007C 8B 4C 24 1C                     		MOV 	ECX, [ESP+16+12]
    88 00000080 8B 74 24 20                     		MOV 	ESI, [ESP+16+16]
    89 00000084 8B 7C 24 24                     		MOV 	EDI, [ESP+16+20]
    90 00000088 8B 6C 24 28                     		MOV 	EBP, [ESP+16+24]
    91 0000008C CD 40                           		INT 	0x40
    92 0000008E 5B                              		POP 	EBX
    93 0000008F 5D                              		POP 	EBP
    94 00000090 5E                              		POP 	ESI
    95 00000091 5F                              		POP 	EDI
    96 00000092 C3                              		RET
    97 00000093                                 
    98 00000093                                 _api_initmalloc: ; void api_initmalloc(void)
    99 00000093 53                              		PUSH 	EBX
   100 00000094 BA 00000008                     		MOV 	EDX, 8
   101 00000099 2E 8B 1D 00000020               		MOV 	EBX, [CS:0x0020]
   102 000000A0 89 D8                           		MOV 	EAX, EBX
   103 000000A2 05 00008000                     		ADD 	EAX, 32*1024
   104 000000A7 2E 8B 0D 00000000               		MOV 	ECX, [CS:0x0000]
   105 000000AE 29 C1                           		SUB 	ECX, EAX
   106 000000B0 CD 40                           		INT 	0x40
   107 000000B2 5B                              		POP 	EBX
   108 000000B3 C3                              		RET
   109 000000B4                                 
   110 000000B4                                 _api_malloc: ; char *api_malloc(int size)
   111 000000B4 53                              		PUSH 	EBX
   112 000000B5 BA 00000009                     		MOV 	EDX, 9
   113 000000BA 2E 8B 1D 00000020               		MOV 	EBX, [CS:0x0020]
   114 000000C1 8B 4C 24 08                     		MOV 	ECX, [ESP+4+4]
   115 000000C5 CD 40                           		INT 	0x40
   116 000000C7 5B                              		POP 	EBX
   117 000000C8 C3                              		RET
   118 000000C9                                 
   119 000000C9                                 _api_free: ; void api_free(char *addr, int size)
   120 000000C9 53                              		PUSH 	EBX
   121 000000CA BA 0000000A                     		MOV 	EDX, 10
   122 000000CF 2E 8B 1D 00000020               		MOV 	EBX, [CS:0x0020]
   123 000000D6 8B 44 24 08                     		MOV 	EAX, [ESP+4+4]
   124 000000DA 8B 4C 24 0C                     		MOV 	ECX, [ESP+4+8]
   125 000000DE CD 40                           		INT 	0x40
   126 000000E0 5B                              		POP 	EBX
   127 000000E1 C3                              		RET
   128 000000E2                                 
   129 000000E2                                 _api_point: ; void api_point(int win, int x, int y, int col)
   130 000000E2 57                              		PUSH 	EDI
   131 000000E3 56                              		PUSH 	ESI
   132 000000E4 53                              		PUSH 	EBX
   133 000000E5 BA 0000000B                     		MOV 	EDX, 11
   134 000000EA 8B 5C 24 10                     		MOV 	EBX, [ESP+12+4]
   135 000000EE 8B 74 24 14                     		MOV 	ESI, [ESP+12+8]
   136 000000F2 8B 7C 24 18                     		MOV 	EDI, [ESP+12+12]
   137 000000F6 8B 44 24 1C                     		MOV 	EAX, [ESP+12+16]
   138 000000FA CD 40                           		INT 	0x40
   139 000000FC 5B                              		POP 	EBX
   140 000000FD 5E                              		POP 	ESI
   141 000000FE 5F                              		POP 	EDI
   142 000000FF C3                              		RET
   143 00000100                                 
   144 00000100                                 _api_refreshwin: ; void api_refreshwin(int win, int x0, int y0, int x1, int y1)
   145 00000100 57                              		PUSH 	EDI
   146 00000101 56                              		PUSH 	ESI
   147 00000102 53                              		PUSH 	EBX
   148 00000103 BA 0000000C                     		MOV 	EDX, 12
   149 00000108 8B 5C 24 10                     		MOV 	EBX, [ESP+12+4]
   150 0000010C 8B 44 24 14                     		MOV 	EAX, [ESP+12+8]
   151 00000110 8B 4C 24 18                     		MOV 	ECX, [ESP+12+12]
   152 00000114 8B 74 24 1C                     		MOV 	ESI, [ESP+12+16]
   153 00000118 8B 7C 24 20                     		MOV 	EDI, [ESP+12+20]
   154 0000011C CD 40                           		INT 	0x40
   155 0000011E 5B                              		POP 	EBX
   156 0000011F 5E                              		POP 	ESI
   157 00000120 5F                              		POP 	EDI
   158 00000121 C3                              		RET
   159 00000122                                 
   160 00000122                                 _api_linewin: ; void api_linewin(int win, int x0, int y0, int x1, int y1, int col)
   161 00000122 57                              		PUSH 	EDI
   162 00000123 56                              		PUSH 	ESI
   163 00000124 55                              		PUSH 	EBP
   164 00000125 53                              		PUSH 	EBX
   165 00000126                                 
   166 00000126 BA 0000000D                     		MOV 	EDX, 13
   167 0000012B 8B 5C 24 14                     		MOV 	EBX, [ESP+16+4]
   168 0000012F 8B 44 24 18                     		MOV 	EAX, [ESP+16+8]
   169 00000133 8B 4C 24 1C                     		MOV 	ECX, [ESP+16+12]
   170 00000137 8B 74 24 20                     		MOV 	ESI, [ESP+16+16]
   171 0000013B 8B 7C 24 24                     		MOV 	EDI, [ESP+16+20]
   172 0000013F 8B 6C 24 28                     		MOV 	EBP, [ESP+16+24]
   173 00000143 CD 40                           		INT 	0x40
   174 00000145                                 
   175 00000145 5B                              		POP 	EBX
   176 00000146 5D                              		POP 	EBP
   177 00000147 5E                              		POP 	ESI
   178 00000148 5F                              		POP 	EDI
   179 00000149 C3                              		RET
   180 0000014A                                 
   181 0000014A                                 _api_closewin: ; void api_closewin(int win)
   182 0000014A 53                              		PUSH 	EBX
   183 0000014B                                 
   184 0000014B BA 0000000E                     		MOV 	EDX, 14
   185 00000150 8B 5C 24 08                     		MOV 	EBX, [ESP+4+4]
   186 00000154 CD 40                           		INT 	0x40
   187 00000156                                 
   188 00000156 5B                              		POP 	EBX
   189 00000157 C3                              		RET
   190 00000158                                 
   191 00000158                                 _api_getkey: ; int api_getkey(int mode)
   192 00000158 BA 0000000F                     		MOV 	EDX, 15
   193 0000015D 8B 44 24 04                     		MOV 	EAX, [ESP+4]
   194 00000161 CD 40                           		INT 	0x40
   195 00000163 C3                              		RET